// Jest Snapshot v1, https://goo.gl/fbAQLP

exports[`ProfileInfo component tests should render the default avatar 1`] = `
<div>
  <img
    alt=""
    src="https://winnote.ru/wp-content/uploads/2016/01/1454222417_del_recent_avatar1.png"
  />
  <div
    className="react-file-reader"
  >
    <input
      accept="image/*"
      className="react-file-reader-input"
      disabled={false}
      id="844e7363-e923-404d-802a-bdc8a768dd8f"
      multiple={false}
      onChange={[Function]}
      style={
        {
          "opacity": "0",
          "position": "fixed",
          "width": "0px",
        }
      }
      type="file"
    />
    <div
      className="react-file-reader-button"
      onClick={[Function]}
    >
      <button
        type="button"
      >
        Change profile image
      </button>
    </div>
  </div>
</div>
`;
