// Jest Snapshot v1, https://goo.gl/fbAQLP

exports[`SearchInput component tests should render input for searching 1`] = `
<div>
  <input
    onChange={[Function]}
    placeholder="Search"
    type="text"
    value=""
  />
</div>
`;
